Jinju Day APK build (Node)
2026-07-18T01:33:35.382Z
Dir: C:\Users\holyx\jinju-ri

=== Jinju Day APK (Node runner) ===
cwd: C:\Users\holyx\jinju-ri
JAVA_HOME=D:\软件\Android Studio\jbr
ANDROID_HOME=C:\Users\holyx\AppData\Local\Android\Sdk
Wrote C:\Users\holyx\jinju-ri\android\local.properties -> C:/Users/holyx/AppData/Local/Android/Sdk

$ node -v
v24.18.0

[1/5] npm install

$ npm install

up to date, audited 439 packages in 2s

109 packages are looking for funding
  run `npm fund` for details

found 0 vulnerabilities
npm warn allow-scripts 1 package has install scripts not yet covered by allowScripts:
npm warn allow-scripts   esbuild@0.25.12 (install: (install scripts present))
npm warn allow-scripts
npm warn allow-scripts Run `npm approve-scripts --allow-scripts-pending` to review, or `npm approve-scripts <pkg>` to allow.

[2/5] npm run build

$ npm run build

> jinju-ri@0.1.0 build
> tsc --noEmit && vite build

[36mvite v6.4.3 [32mbuilding for production...[36m[39m
transforming...
[32m✓[39m 99 modules transformed.
rendering chunks...
computing gzip size...
[2mdist/[22m[32mregisterSW.js              [39m[1m[2m  0.14 kB[22m[1m[22m
[2mdist/[22m[32mmanifest.webmanifest       [39m[1m[2m  0.32 kB[22m[1m[22m
[2mdist/[22m[32mindex.html                 [39m[1m[2m  1.37 kB[22m[1m[22m[2m │ gzip:   0.70 kB[22m
[2mdist/[22m[35massets/index-BJ05CRCo.css  [39m[1m[2m 16.15 kB[22m[1m[22m[2m │ gzip:   3.97 kB[22m
[2mdist/[22m[36massets/index-CsoG85Bx.js   [39m[1m[2m  0.36 kB[22m[1m[22m[2m │ gzip:   0.25 kB[22m
[2mdist/[22m[36massets/web-CNBszbWD.js     [39m[1m[2m  0.37 kB[22m[1m[22m[2m │ gzip:   0.25 kB[22m
[2mdist/[22m[36massets/index-BE1U2LqI.js   [39m[1m[2m  1.48 kB[22m[1m[22m[2m │ gzip:   0.76 kB[22m
[33m
(!) Some chunks are larger than 500 kB after minification. Consider:
- Using dynamic import() to code-split the application
- Use build.rollupOptions.output.manualChunks to improve chunking: https://rollupjs.org/configuration-options/#output-manualchunks
- Adjust chunk size limit for this warning via build.chunkSizeWarningLimit.[39m
[2mdist/[22m[36massets/index-Cn9IQ1BO.js   [39m[1m[2m  7.99 kB[22m[1m[22m[2m │ gzip:   3.29 kB[22m
[2mdist/[22m[36massets/web-0BHZUAmT.js     [39m[1m[2m  8.82 kB[22m[1m[22m[2m │ gzip:   3.02 kB[22m
[2mdist/[22m[36massets/index-Dam0BunY.js   [39m[1m[33m562.91 kB[39m[22m[2m │ gzip: 173.84 kB[22m
[32m✓ built in 1.08s[39m

PWA v0.21.2
mode      generateSW
precache  12 entries (585.82 KiB)
files generated
  dist/sw.js
  dist/workbox-0bb07689.js

[3/5] android project exists

[4/5] npx cap sync android

$ npx cap sync android
√ Copying web assets from dist to android\app\src\main\assets\public in 27.96ms
√ Creating capacitor.config.json in android\app\src\main\assets in 1.36ms
√ copy android in 55.72ms
√ Updating Android plugins in 3.16ms
[info] Found 5 Capacitor plugins for android:
       @capacitor/app@7.1.2
       @capacitor/filesystem@7.1.8
       @capacitor/share@7.0.4
       @capacitor/splash-screen@7.0.5
       @capacitor/status-bar@7.0.6
√ update android in 173.42ms
[info] Sync finished in 0.269s
cap sync OK

[5/5] Gradle assembleDebug (may take 10-20 min first time)
To honour the JVM settings for this build a single-use Daemon process will be forked. For more on this, please refer to https://docs.gradle.org/8.11.1/userguide/gradle_daemon.html#sec:disabling_the_daemon in the Gradle documentation.
Daemon will be stopped at the end of the build 

> Configure project :app
WARNING: Using flatDir should be avoided because it doesn't support any meta-data formats.

> Configure project :capacitor-cordova-android-plugins
WARNING: Using flatDir should be avoided because it doesn't support any meta-data formats.
WARNING: We recommend using a newer Android Gradle plugin to use compileSdk = 36

This Android Gradle plugin (8.7.2) was tested up to compileSdk = 35.

You are strongly encouraged to update your project to use a newer
Android Gradle plugin that has been tested with compileSdk = 36.

If you are already using the latest version of the Android Gradle plugin,
you may need to wait until a newer version with support for compileSdk = 36 is available.

For more information refer to the compatibility table:
https://d.android.com/r/tools/api-level-support

To suppress this warning, add/update
    android.suppressUnsupportedCompileSdk=36
to this project's gradle.properties.

> Task :app:preBuild UP-TO-DATE
> Task :app:preDebugBuild UP-TO-DATE
> Task :app:mergeDebugNativeDebugMetadata NO-SOURCE
> Task :app:javaPreCompileDebug UP-TO-DATE
> Task :capacitor-android:preBuild UP-TO-DATE
> Task :capacitor-android:preDebugBuild UP-TO-DATE
> Task :capacitor-android:writeDebugAarMetadata UP-TO-DATE
> Task :capacitor-app:preBuild UP-TO-DATE
> Task :capacitor-app:preDebugBuild UP-TO-DATE
> Task :capacitor-app:writeDebugAarMetadata UP-TO-DATE
> Task :capacitor-cordova-android-plugins:preBuild UP-TO-DATE
> Task :capacitor-cordova-android-plugins:preDebugBuild UP-TO-DATE
> Task :capacitor-filesystem:preBuild UP-TO-DATE
> Task :capacitor-filesystem:preDebugBuild UP-TO-DATE
> Task :capacitor-filesystem:writeDebugAarMetadata UP-TO-DATE
> Task :capacitor-share:preBuild UP-TO-DATE
> Task :capacitor-share:preDebugBuild UP-TO-DATE
> Task :capacitor-share:writeDebugAarMetadata UP-TO-DATE
> Task :capacitor-splash-screen:preBuild UP-TO-DATE
> Task :capacitor-splash-screen:preDebugBuild UP-TO-DATE
> Task :capacitor-splash-screen:writeDebugAarMetadata UP-TO-DATE
> Task :capacitor-status-bar:preBuild UP-TO-DATE
> Task :capacitor-status-bar:preDebugBuild UP-TO-DATE
> Task :capacitor-status-bar:writeDebugAarMetadata UP-TO-DATE
> Task :capacitor-cordova-android-plugins:writeDebugAarMetadata
> Task :app:generateDebugResValues UP-TO-DATE
> Task :app:checkDebugAarMetadata UP-TO-DATE
> Task :capacitor-android:generateDebugResValues UP-TO-DATE
> Task :capacitor-android:generateDebugResources UP-TO-DATE
> Task :capacitor-android:packageDebugResources UP-TO-DATE
> Task :capacitor-app:generateDebugResValues UP-TO-DATE
> Task :capacitor-app:generateDebugResources UP-TO-DATE
> Task :capacitor-app:packageDebugResources UP-TO-DATE
> Task :capacitor-cordova-android-plugins:generateDebugResValues
> Task :capacitor-cordova-android-plugins:generateDebugResources
> Task :capacitor-cordova-android-plugins:packageDebugResources
> Task :capacitor-filesystem:generateDebugResValues UP-TO-DATE
> Task :capacitor-filesystem:generateDebugResources UP-TO-DATE
> Task :capacitor-filesystem:packageDebugResources UP-TO-DATE
> Task :capacitor-share:generateDebugResValues UP-TO-DATE
> Task :capacitor-share:generateDebugResources UP-TO-DATE
> Task :capacitor-share:packageDebugResources UP-TO-DATE
> Task :capacitor-splash-screen:generateDebugResValues UP-TO-DATE
> Task :capacitor-splash-screen:generateDebugResources UP-TO-DATE
> Task :capacitor-splash-screen:packageDebugResources UP-TO-DATE
> Task :capacitor-status-bar:generateDebugResValues UP-TO-DATE
> Task :capacitor-status-bar:generateDebugResources UP-TO-DATE
> Task :capacitor-status-bar:packageDebugResources UP-TO-DATE
> Task :app:mapDebugSourceSetPaths UP-TO-DATE
> Task :app:generateDebugResources UP-TO-DATE
> Task :app:mergeDebugResources UP-TO-DATE
> Task :app:packageDebugResources UP-TO-DATE
> Task :app:parseDebugLocalResources UP-TO-DATE
> Task :app:createDebugCompatibleScreenManifests UP-TO-DATE
> Task :app:extractDeepLinksDebug UP-TO-DATE
> Task :capacitor-android:extractDeepLinksDebug UP-TO-DATE
> Task :capacitor-android:processDebugManifest UP-TO-DATE
> Task :capacitor-app:extractDeepLinksDebug UP-TO-DATE
> Task :capacitor-app:processDebugManifest UP-TO-DATE
> Task :capacitor-cordova-android-plugins:extractDeepLinksDebug
> Task :capacitor-filesystem:extractDeepLinksDebug UP-TO-DATE
> Task :capacitor-filesystem:processDebugManifest UP-TO-DATE
> Task :capacitor-share:extractDeepLinksDebug UP-TO-DATE
> Task :capacitor-share:processDebugManifest UP-TO-DATE
> Task :capacitor-splash-screen:extractDeepLinksDebug UP-TO-DATE
> Task :capacitor-splash-screen:processDebugManifest UP-TO-DATE
> Task :capacitor-status-bar:extractDeepLinksDebug UP-TO-DATE
> Task :capacitor-status-bar:processDebugManifest UP-TO-DATE
> Task :capacitor-android:compileDebugLibraryResources UP-TO-DATE
> Task :capacitor-android:parseDebugLocalResources UP-TO-DATE
> Task :capacitor-android:generateDebugRFile UP-TO-DATE
> Task :capacitor-app:compileDebugLibraryResources UP-TO-DATE
> Task :capacitor-app:parseDebugLocalResources UP-TO-DATE
> Task :capacitor-app:generateDebugRFile UP-TO-DATE
> Task :capacitor-cordova-android-plugins:processDebugManifest
> Task :capacitor-cordova-android-plugins:compileDebugLibraryResources
> Task :app:processDebugMainManifest UP-TO-DATE
> Task :app:processDebugManifest UP-TO-DATE
> Task :app:processDebugManifestForPackage UP-TO-DATE
> Task :capacitor-filesystem:compileDebugLibraryResources UP-TO-DATE
> Task :capacitor-filesystem:parseDebugLocalResources UP-TO-DATE
> Task :capacitor-filesystem:generateDebugRFile UP-TO-DATE
> Task :capacitor-share:compileDebugLibraryResources UP-TO-DATE
> Task :capacitor-share:parseDebugLocalResources UP-TO-DATE
> Task :capacitor-share:generateDebugRFile UP-TO-DATE
> Task :capacitor-splash-screen:compileDebugLibraryResources UP-TO-DATE
> Task :capacitor-splash-screen:parseDebugLocalResources UP-TO-DATE
> Task :capacitor-cordova-android-plugins:parseDebugLocalResources
> Task :capacitor-splash-screen:generateDebugRFile UP-TO-DATE
> Task :capacitor-status-bar:compileDebugLibraryResources UP-TO-DATE
> Task :capacitor-status-bar:parseDebugLocalResources UP-TO-DATE
> Task :capacitor-status-bar:generateDebugRFile UP-TO-DATE
> Task :capacitor-android:javaPreCompileDebug UP-TO-DATE
> Task :capacitor-cordova-android-plugins:generateDebugRFile
> Task :capacitor-android:compileDebugJavaWithJavac UP-TO-DATE
> Task :app:processDebugResources UP-TO-DATE
> Task :capacitor-android:bundleLibCompileToJarDebug UP-TO-DATE
> Task :capacitor-app:javaPreCompileDebug UP-TO-DATE
> Task :capacitor-app:compileDebugJavaWithJavac UP-TO-DATE
> Task :capacitor-app:bundleLibCompileToJarDebug UP-TO-DATE
> Task :capacitor-filesystem:checkKotlinGradlePluginConfigurationErrors
> Task :capacitor-cordova-android-plugins:javaPreCompileDebug
> Task :capacitor-filesystem:compileDebugKotlin UP-TO-DATE
> Task :capacitor-cordova-android-plugins:compileDebugJavaWithJavac NO-SOURCE
> Task :capacitor-filesystem:javaPreCompileDebug UP-TO-DATE
> Task :capacitor-filesystem:compileDebugJavaWithJavac NO-SOURCE
> Task :capacitor-filesystem:bundleLibCompileToJarDebug UP-TO-DATE
> Task :capacitor-share:javaPreCompileDebug UP-TO-DATE
> Task :capacitor-cordova-android-plugins:bundleLibCompileToJarDebug
> Task :capacitor-share:compileDebugJavaWithJavac UP-TO-DATE
> Task :capacitor-share:bundleLibCompileToJarDebug UP-TO-DATE
> Task :capacitor-splash-screen:javaPreCompileDebug UP-TO-DATE
> Task :capacitor-splash-screen:compileDebugJavaWithJavac UP-TO-DATE
> Task :capacitor-splash-screen:bundleLibCompileToJarDebug UP-TO-DATE
> Task :capacitor-status-bar:javaPreCompileDebug UP-TO-DATE
> Task :capacitor-status-bar:compileDebugJavaWithJavac UP-TO-DATE
> Task :capacitor-status-bar:bundleLibCompileToJarDebug UP-TO-DATE
> Task :app:compileDebugJavaWithJavac UP-TO-DATE
> Task :app:mergeDebugShaders UP-TO-DATE
> Task :app:compileDebugShaders NO-SOURCE
> Task :app:generateDebugAssets UP-TO-DATE
> Task :capacitor-android:mergeDebugShaders UP-TO-DATE
> Task :capacitor-android:compileDebugShaders NO-SOURCE
> Task :capacitor-android:generateDebugAssets UP-TO-DATE
> Task :capacitor-android:packageDebugAssets UP-TO-DATE
> Task :capacitor-app:mergeDebugShaders UP-TO-DATE
> Task :capacitor-app:compileDebugShaders NO-SOURCE
> Task :capacitor-app:generateDebugAssets UP-TO-DATE
> Task :capacitor-app:packageDebugAssets UP-TO-DATE
> Task :capacitor-cordova-android-plugins:mergeDebugShaders
> Task :capacitor-cordova-android-plugins:compileDebugShaders NO-SOURCE
> Task :capacitor-cordova-android-plugins:generateDebugAssets UP-TO-DATE
> Task :capacitor-cordova-android-plugins:packageDebugAssets
> Task :capacitor-filesystem:mergeDebugShaders UP-TO-DATE
> Task :capacitor-filesystem:compileDebugShaders NO-SOURCE
> Task :capacitor-filesystem:generateDebugAssets UP-TO-DATE
> Task :capacitor-filesystem:packageDebugAssets UP-TO-DATE
> Task :capacitor-share:mergeDebugShaders UP-TO-DATE
> Task :capacitor-share:compileDebugShaders NO-SOURCE
> Task :capacitor-share:generateDebugAssets UP-TO-DATE
> Task :capacitor-share:packageDebugAssets UP-TO-DATE
> Task :capacitor-splash-screen:mergeDebugShaders UP-TO-DATE
> Task :capacitor-splash-screen:compileDebugShaders NO-SOURCE
> Task :capacitor-splash-screen:generateDebugAssets UP-TO-DATE
> Task :capacitor-splash-screen:packageDebugAssets UP-TO-DATE
> Task :capacitor-status-bar:mergeDebugShaders UP-TO-DATE
> Task :capacitor-status-bar:compileDebugShaders NO-SOURCE
> Task :capacitor-status-bar:generateDebugAssets UP-TO-DATE
> Task :capacitor-status-bar:packageDebugAssets UP-TO-DATE
> Task :app:mergeDebugAssets
> Task :capacitor-app:bundleLibRuntimeToJarDebug UP-TO-DATE
> Task :capacitor-android:bundleLibRuntimeToJarDebug UP-TO-DATE
> Task :app:compressDebugAssets
> Task :capacitor-filesystem:bundleLibRuntimeToJarDebug UP-TO-DATE
> Task :capacitor-share:bundleLibRuntimeToJarDebug UP-TO-DATE
> Task :capacitor-splash-screen:bundleLibRuntimeToJarDebug UP-TO-DATE
> Task :capacitor-status-bar:bundleLibRuntimeToJarDebug UP-TO-DATE
> Task :capacitor-cordova-android-plugins:bundleLibRuntimeToJarDebug
> Task :app:desugarDebugFileDependencies UP-TO-DATE
> Task :app:dexBuilderDebug UP-TO-DATE
> Task :app:processDebugJavaRes NO-SOURCE
> Task :capacitor-android:processDebugJavaRes NO-SOURCE
> Task :capacitor-app:processDebugJavaRes NO-SOURCE
> Task :capacitor-cordova-android-plugins:processDebugJavaRes NO-SOURCE
> Task :capacitor-filesystem:processDebugJavaRes UP-TO-DATE
> Task :capacitor-share:processDebugJavaRes NO-SOURCE
> Task :capacitor-splash-screen:processDebugJavaRes NO-SOURCE
> Task :capacitor-status-bar:processDebugJavaRes NO-SOURCE
> Task :app:mergeDebugJavaResource UP-TO-DATE
> Task :app:checkDebugDuplicateClasses UP-TO-DATE
> Task :app:mergeDebugGlobalSynthetics UP-TO-DATE
> Task :app:mergeExtDexDebug UP-TO-DATE
> Task :app:mergeLibDexDebug UP-TO-DATE
> Task :app:mergeProjectDexDebug UP-TO-DATE
> Task :app:mergeDebugJniLibFolders UP-TO-DATE
> Task :capacitor-android:mergeDebugJniLibFolders UP-TO-DATE
> Task :capacitor-android:mergeDebugNativeLibs NO-SOURCE
> Task :capacitor-android:copyDebugJniLibsProjectOnly UP-TO-DATE
> Task :capacitor-app:mergeDebugJniLibFolders UP-TO-DATE
> Task :capacitor-app:mergeDebugNativeLibs NO-SOURCE
> Task :capacitor-app:copyDebugJniLibsProjectOnly UP-TO-DATE
> Task :capacitor-cordova-android-plugins:mergeDebugJniLibFolders
> Task :capacitor-cordova-android-plugins:mergeDebugNativeLibs NO-SOURCE
> Task :capacitor-filesystem:mergeDebugJniLibFolders UP-TO-DATE
> Task :capacitor-cordova-android-plugins:copyDebugJniLibsProjectOnly
> Task :capacitor-filesystem:mergeDebugNativeLibs NO-SOURCE
> Task :capacitor-filesystem:copyDebugJniLibsProjectOnly UP-TO-DATE
> Task :capacitor-share:mergeDebugJniLibFolders UP-TO-DATE
> Task :capacitor-share:mergeDebugNativeLibs NO-SOURCE
> Task :capacitor-share:copyDebugJniLibsProjectOnly UP-TO-DATE
> Task :capacitor-splash-screen:mergeDebugJniLibFolders UP-TO-DATE
> Task :capacitor-splash-screen:mergeDebugNativeLibs NO-SOURCE
> Task :capacitor-splash-screen:copyDebugJniLibsProjectOnly UP-TO-DATE
> Task :capacitor-status-bar:mergeDebugJniLibFolders UP-TO-DATE
> Task :capacitor-status-bar:mergeDebugNativeLibs NO-SOURCE
> Task :capacitor-status-bar:copyDebugJniLibsProjectOnly UP-TO-DATE
> Task :app:mergeDebugNativeLibs NO-SOURCE
> Task :app:stripDebugDebugSymbols NO-SOURCE
> Task :app:validateSigningDebug UP-TO-DATE
> Task :app:writeDebugAppMetadata UP-TO-DATE
> Task :app:writeDebugSigningConfigVersions UP-TO-DATE
> Task :capacitor-android:stripDebugDebugSymbols NO-SOURCE
> Task :capacitor-android:copyDebugJniLibsProjectAndLocalJars UP-TO-DATE
> Task :capacitor-android:extractDebugAnnotations UP-TO-DATE
> Task :capacitor-android:extractDeepLinksForAarDebug UP-TO-DATE
> Task :capacitor-android:mergeDebugGeneratedProguardFiles UP-TO-DATE
> Task :capacitor-android:mergeDebugConsumerProguardFiles UP-TO-DATE
> Task :capacitor-android:prepareDebugArtProfile UP-TO-DATE
> Task :capacitor-android:prepareLintJarForPublish UP-TO-DATE
> Task :capacitor-android:mergeDebugJavaResource UP-TO-DATE
> Task :capacitor-android:syncDebugLibJars UP-TO-DATE
> Task :capacitor-android:bundleDebugAar UP-TO-DATE
> Task :capacitor-android:assembleDebug UP-TO-DATE
> Task :capacitor-app:stripDebugDebugSymbols NO-SOURCE
> Task :capacitor-app:copyDebugJniLibsProjectAndLocalJars UP-TO-DATE
> Task :capacitor-app:extractDebugAnnotations UP-TO-DATE
> Task :capacitor-app:extractDeepLinksForAarDebug UP-TO-DATE
> Task :capacitor-app:mergeDebugGeneratedProguardFiles UP-TO-DATE
> Task :capacitor-app:mergeDebugConsumerProguardFiles UP-TO-DATE
> Task :capacitor-app:prepareDebugArtProfile UP-TO-DATE
> Task :capacitor-app:prepareLintJarForPublish UP-TO-DATE
> Task :capacitor-app:mergeDebugJavaResource UP-TO-DATE
> Task :capacitor-app:syncDebugLibJars UP-TO-DATE
> Task :capacitor-app:bundleDebugAar UP-TO-DATE
> Task :capacitor-app:assembleDebug UP-TO-DATE
> Task :capacitor-cordova-android-plugins:stripDebugDebugSymbols NO-SOURCE
> Task :capacitor-cordova-android-plugins:copyDebugJniLibsProjectAndLocalJars
> Task :capacitor-cordova-android-plugins:extractDebugAnnotations
> Task :capacitor-cordova-android-plugins:extractDeepLinksForAarDebug UP-TO-DATE
> Task :capacitor-cordova-android-plugins:mergeDebugGeneratedProguardFiles UP-TO-DATE
> Task :capacitor-cordova-android-plugins:mergeDebugConsumerProguardFiles UP-TO-DATE
> Task :capacitor-cordova-android-plugins:prepareDebugArtProfile UP-TO-DATE
> Task :capacitor-cordova-android-plugins:prepareLintJarForPublish UP-TO-DATE
> Task :capacitor-filesystem:stripDebugDebugSymbols NO-SOURCE
> Task :capacitor-filesystem:copyDebugJniLibsProjectAndLocalJars UP-TO-DATE
> Task :capacitor-filesystem:extractDebugAnnotations UP-TO-DATE
> Task :capacitor-filesystem:extractDeepLinksForAarDebug UP-TO-DATE
> Task :capacitor-filesystem:mergeDebugGeneratedProguardFiles UP-TO-DATE
> Task :capacitor-filesystem:mergeDebugConsumerProguardFiles UP-TO-DATE
> Task :capacitor-filesystem:prepareDebugArtProfile UP-TO-DATE
> Task :capacitor-filesystem:prepareLintJarForPublish UP-TO-DATE
> Task :capacitor-filesystem:mergeDebugJavaResource UP-TO-DATE
> Task :capacitor-filesystem:syncDebugLibJars UP-TO-DATE
> Task :capacitor-filesystem:bundleDebugAar UP-TO-DATE
> Task :capacitor-filesystem:assembleDebug UP-TO-DATE
> Task :capacitor-share:stripDebugDebugSymbols NO-SOURCE
> Task :capacitor-share:copyDebugJniLibsProjectAndLocalJars UP-TO-DATE
> Task :capacitor-cordova-android-plugins:mergeDebugJavaResource
> Task :capacitor-share:extractDebugAnnotations UP-TO-DATE
> Task :capacitor-cordova-android-plugins:syncDebugLibJars
> Task :capacitor-cordova-android-plugins:bundleDebugAar
> Task :capacitor-cordova-android-plugins:assembleDebug
> Task :capacitor-share:extractDeepLinksForAarDebug UP-TO-DATE
> Task :capacitor-share:mergeDebugGeneratedProguardFiles UP-TO-DATE
> Task :capacitor-share:mergeDebugConsumerProguardFiles UP-TO-DATE
> Task :capacitor-share:prepareDebugArtProfile UP-TO-DATE
> Task :capacitor-share:prepareLintJarForPublish UP-TO-DATE
> Task :capacitor-share:mergeDebugJavaResource UP-TO-DATE
> Task :capacitor-share:syncDebugLibJars UP-TO-DATE
> Task :capacitor-share:bundleDebugAar UP-TO-DATE
> Task :capacitor-share:assembleDebug UP-TO-DATE
> Task :capacitor-splash-screen:stripDebugDebugSymbols NO-SOURCE
> Task :capacitor-splash-screen:copyDebugJniLibsProjectAndLocalJars UP-TO-DATE
> Task :capacitor-splash-screen:extractDebugAnnotations UP-TO-DATE
> Task :capacitor-splash-screen:extractDeepLinksForAarDebug UP-TO-DATE
> Task :capacitor-splash-screen:mergeDebugGeneratedProguardFiles UP-TO-DATE
> Task :capacitor-splash-screen:mergeDebugConsumerProguardFiles UP-TO-DATE
> Task :capacitor-splash-screen:prepareDebugArtProfile UP-TO-DATE
> Task :capacitor-splash-screen:prepareLintJarForPublish UP-TO-DATE
> Task :capacitor-splash-screen:mergeDebugJavaResource UP-TO-DATE
> Task :capacitor-splash-screen:syncDebugLibJars UP-TO-DATE
> Task :capacitor-splash-screen:bundleDebugAar UP-TO-DATE
> Task :capacitor-splash-screen:assembleDebug UP-TO-DATE
> Task :capacitor-status-bar:stripDebugDebugSymbols NO-SOURCE
> Task :capacitor-status-bar:copyDebugJniLibsProjectAndLocalJars UP-TO-DATE
> Task :capacitor-status-bar:extractDebugAnnotations UP-TO-DATE
> Task :capacitor-status-bar:extractDeepLinksForAarDebug UP-TO-DATE
> Task :capacitor-status-bar:mergeDebugGeneratedProguardFiles UP-TO-DATE
> Task :capacitor-status-bar:mergeDebugConsumerProguardFiles UP-TO-DATE
> Task :capacitor-status-bar:prepareDebugArtProfile UP-TO-DATE
> Task :capacitor-status-bar:prepareLintJarForPublish UP-TO-DATE
> Task :capacitor-status-bar:mergeDebugJavaResource UP-TO-DATE
> Task :capacitor-status-bar:syncDebugLibJars UP-TO-DATE
> Task :capacitor-status-bar:bundleDebugAar UP-TO-DATE
> Task :capacitor-status-bar:assembleDebug UP-TO-DATE
> Task :app:packageDebug
> Task :app:createDebugApkListingFileRedirect UP-TO-DATE
> Task :app:assembleDebug

BUILD SUCCESSFUL in 18s
222 actionable tasks: 25 executed, 197 up-to-date

========================================
  SUCCESS
  C:\Users\holyx\jinju-ri\jinju-ri-debug.apk
  C:\Users\holyx\jinju-ri\release\jinju-ri-debug.apk
========================================
Copy APK to phone and install (allow unknown sources).
